// Jest Snapshot v1, https://goo.gl/fbAQLP

exports[`DiscardRow should match snapshot 1`] = `
<Component>
  <Component>
    San Francisco
  </Component>
  <Component
    onClick={[Function]}
  >
    <Component />
  </Component>
</Component>
`;
