// Jest Snapshot v1, https://goo.gl/fbAQLP

exports[`App should match snapshot 1`] = `
Array [
  <header
    className="appbar"
  >
    <div
      className="row"
    >
      <h1
        className="title"
      >
        Epidemia
      </h1>
      <button
        className="icon-button"
      >
        <svg
          className="feather feather-rotate-ccw"
          fill="none"
          height="24"
          stroke="currentColor"
          strokeLinecap="round"
          strokeLinejoin="round"
          strokeWidth="2"
          viewBox="0 0 24 24"
          width="24"
          xmlns="http://www.w3.org/2000/svg"
        >
          <polyline
            points="1 4 1 10 7 10"
          />
          <path
            d="M3.51 15a9 9 0 1 0 2.13-9.36L1 10"
          />
        </svg>
      </button>
      <a
        aria-current={false}
        className="icon-link"
        href="/settings"
        onClick={[Function]}
        style={undefined}
      >
        <svg
          className="feather feather-settings"
          fill="none"
          height="24"
          stroke="currentColor"
          strokeLinecap="round"
          strokeLinejoin="round"
          strokeWidth="2"
          viewBox="0 0 24 24"
          width="24"
          xmlns="http://www.w3.org/2000/svg"
        >
          <circle
            cx="12"
            cy="12"
            r="3"
          />
          <path
            d="M19.4 15a1.65 1.65 0 0 0 .33 1.82l.06.06a2 2 0 0 1 0 2.83 2 2 0 0 1-2.83 0l-.06-.06a1.65 1.65 0 0 0-1.82-.33 1.65 1.65 0 0 0-1 1.51V21a2 2 0 0 1-2 2 2 2 0 0 1-2-2v-.09A1.65 1.65 0 0 0 9 19.4a1.65 1.65 0 0 0-1.82.33l-.06.06a2 2 0 0 1-2.83 0 2 2 0 0 1 0-2.83l.06-.06a1.65 1.65 0 0 0 .33-1.82 1.65 1.65 0 0 0-1.51-1H3a2 2 0 0 1-2-2 2 2 0 0 1 2-2h.09A1.65 1.65 0 0 0 4.6 9a1.65 1.65 0 0 0-.33-1.82l-.06-.06a2 2 0 0 1 0-2.83 2 2 0 0 1 2.83 0l.06.06a1.65 1.65 0 0 0 1.82.33H9a1.65 1.65 0 0 0 1-1.51V3a2 2 0 0 1 2-2 2 2 0 0 1 2 2v.09a1.65 1.65 0 0 0 1 1.51 1.65 1.65 0 0 0 1.82-.33l.06-.06a2 2 0 0 1 2.83 0 2 2 0 0 1 0 2.83l-.06.06a1.65 1.65 0 0 0-.33 1.82V9a1.65 1.65 0 0 0 1.51 1H21a2 2 0 0 1 2 2 2 2 0 0 1-2 2h-.09a1.65 1.65 0 0 0-1.51 1z"
          />
        </svg>
      </a>
    </div>
    <div
      className="row"
    >
      <a
        aria-current="true"
        className="tab-link active"
        href="/"
        onClick={[Function]}
        style={Object {}}
      >
        Dashboard
      </a>
      <a
        aria-current={false}
        className="tab-link"
        href="/infection"
        onClick={[Function]}
        style={undefined}
      >
        Infection
      </a>
      <a
        aria-current={false}
        className="tab-link"
        href="/discard"
        onClick={[Function]}
        style={undefined}
      >
        Discard
      </a>
    </div>
  </header>,
  <section
    className="section"
  >
    <div
      className="row"
    >
      <h2
        className="header"
      >
        Epidemic Probability
      </h2>
      <p
        className="data-percentage"
      >
        63
        %
      </p>
    </div>
    <div
      className="row"
    >
      <meter
        className="data-meter active"
        value={0.63}
      />
    </div>
  </section>,
  <main
    className="main"
  >
    <div
      className="row"
    >
      <p
        className="text"
      >
        Table Goes Here
      </p>
    </div>
  </main>,
]
`;
