// Jest Snapshot v1, https://goo.gl/fbAQLP

exports[`Discard should match snapshot 1`] = `
<main
  className="main"
>
  <div
    className="row"
  >
    <p
      className="text"
    >
      Atlanta
    </p>
    <button
      className="icon-button"
    >
      <svg
        className="feather feather-trash"
        fill="none"
        height="24"
        stroke="currentColor"
        strokeLinecap="round"
        strokeLinejoin="round"
        strokeWidth="2"
        viewBox="0 0 24 24"
        width="24"
        xmlns="http://www.w3.org/2000/svg"
      >
        <polyline
          points="3 6 5 6 21 6"
        />
        <path
          d="M19 6v14a2 2 0 0 1-2 2H7a2 2 0 0 1-2-2V6m3 0V4a2 2 0 0 1 2-2h4a2 2 0 0 1 2 2v2"
        />
      </svg>
    </button>
  </div>
  <div
    className="row"
  >
    <p
      className="text"
    >
      San Francisco
    </p>
    <button
      className="icon-button"
    >
      <svg
        className="feather feather-trash"
        fill="none"
        height="24"
        stroke="currentColor"
        strokeLinecap="round"
        strokeLinejoin="round"
        strokeWidth="2"
        viewBox="0 0 24 24"
        width="24"
        xmlns="http://www.w3.org/2000/svg"
      >
        <polyline
          points="3 6 5 6 21 6"
        />
        <path
          d="M19 6v14a2 2 0 0 1-2 2H7a2 2 0 0 1-2-2V6m3 0V4a2 2 0 0 1 2-2h4a2 2 0 0 1 2 2v2"
        />
      </svg>
    </button>
  </div>
  <div
    className="row"
  >
    <p
      className="text"
    >
      San Francisco
    </p>
    <button
      className="icon-button"
    >
      <svg
        className="feather feather-trash"
        fill="none"
        height="24"
        stroke="currentColor"
        strokeLinecap="round"
        strokeLinejoin="round"
        strokeWidth="2"
        viewBox="0 0 24 24"
        width="24"
        xmlns="http://www.w3.org/2000/svg"
      >
        <polyline
          points="3 6 5 6 21 6"
        />
        <path
          d="M19 6v14a2 2 0 0 1-2 2H7a2 2 0 0 1-2-2V6m3 0V4a2 2 0 0 1 2-2h4a2 2 0 0 1 2 2v2"
        />
      </svg>
    </button>
  </div>
</main>
`;
