// Jest Snapshot v1, https://goo.gl/fbAQLP

exports[`InfectionSection snapshots should match snapshot with checked cities 1`] = `
<Component>
  <InfectionRow
    checked={false}
    city="Los Angeles"
    key="Los Angeles0"
    onToggle={[Function]}
  />
  <InfectionRow
    checked={true}
    city="San Francisco"
    key="San Francisco0"
    onToggle={[Function]}
  />
  <InfectionRow
    checked={false}
    city="San Francisco"
    key="San Francisco1"
    onToggle={[Function]}
  />
</Component>
`;

exports[`InfectionSection snapshots should match snapshot with epidemic 1`] = `
<Component>
  <InfectionRow
    checked={false}
    city="Los Angeles"
    key="Los Angeles0"
    onEpidemic={[MockFunction]}
    onToggle={[Function]}
  />
  <InfectionRow
    checked={false}
    city="San Francisco"
    key="San Francisco0"
    onEpidemic={[MockFunction]}
    onToggle={[Function]}
  />
  <InfectionRow
    checked={false}
    city="San Francisco"
    key="San Francisco1"
    onEpidemic={[MockFunction]}
    onToggle={[Function]}
  />
</Component>
`;
