// Jest Snapshot v1, https://goo.gl/fbAQLP

exports[`Inputs NumericInput should match snapshot 1`] = `
<input
  className="numeric-input"
  type="number"
  value={1}
/>
`;
