// Jest Snapshot v1, https://goo.gl/fbAQLP

exports[`Heading should match the snapshot 1`] = `
<h2
  className="MuiTypography-root-1 MuiTypography-title-7"
>
  Epidemia
</h2>
`;
